21:38:56 **** Incremental Build of configuration Debug for project 0_blink_led ****
make -j12 all 
arm-none-eabi-gcc "../Src/main.c" -mcpu=cortex-m3 -std=gnu11 -g3 -DDEBUG -DSTM32 -DSTM32F1 -DSTM32F103C8Tx -c -I../Inc -O0 -ffunction-sections -fdata-sections -Wall -fstack-usage -fcyclomatic-complexity -MMD -MP -MF"Src/main.d" -MT"Src/main.o" --specs=nano.specs -mfloat-abi=soft -mthumb -o "Src/main.o"
arm-none-eabi-gcc -o "0_blink_led.elf" @"objects.list"   -mcpu=cortex-m3 -T"/home/simonque/Documents/code/stm32_yeah/0_blink_led/STM32F103C8TX_FLASH.ld" --specs=nosys.specs -Wl,-Map="0_blink_led.map" -Wl,--gc-sections -static --specs=nano.specs -mfloat-abi=soft -mthumb -Wl,--start-group -lc -lm -Wl,--end-group
Finished building target: 0_blink_led.elf
 
arm-none-eabi-size  0_blink_led.elf 
arm-none-eabi-objdump -h -S 0_blink_led.elf  > "0_blink_led.list"
arm-none-eabi-objcopy  -O ihex 0_blink_led.elf  "0_blink_led.hex"
arm-none-eabi-objcopy  -O binary 0_blink_led.elf  "0_blink_led.bin"
   text	   data	    bss	    dec	    hex	filename
    672	      0	   1568	   2240	    8c0	0_blink_led.elf
Finished building: default.size.stdout
 
Finished building: 0_blink_led.hex
Finished building: 0_blink_led.bin
 
Finished building: 0_blink_led.list
 
 

21:38:57 Build Finished. 0 errors, 0 warnings. (took 124ms)

