13:58:09 **** Incremental Build of configuration Debug for project 2_gpio_output ****
make -j12 all 
make: Warning: File 'Startup/subdir.mk' has modification time 26640 s in the future
arm-none-eabi-gcc "../Src/main.c" -mcpu=cortex-m3 -std=gnu11 -g3 -DDEBUG -DSTM32 -DSTM32F1 -DSTM32F103C8Tx -DSTM32F103x6 -c -I../Inc -I/home/simonque/Documents/code/STM32Cube_FW_F1_V1.8.0/stm32f103/Device/ST/STM32F1xx/Include -I/home/simonque/Documents/code/STM32Cube_FW_F1_V1.8.0/stm32f103/Include -O0 -ffunction-sections -fdata-sections -Wall -fstack-usage -fcyclomatic-complexity -MMD -MP -MF"Src/main.d" -MT"Src/main.o" --specs=nano.specs -mfloat-abi=soft -mthumb -o "Src/main.o"
arm-none-eabi-gcc -o "2_gpio_output.elf" @"objects.list"   -mcpu=cortex-m3 -T"/home/simonque/Documents/code/stm32_yeah/2_gpio_output/STM32F103C8TX_FLASH.ld" --specs=nosys.specs -Wl,-Map="2_gpio_output.map" -Wl,--gc-sections -static --specs=nano.specs -mfloat-abi=soft -mthumb -Wl,--start-group -lc -lm -Wl,--end-group
Finished building target: 2_gpio_output.elf
 
arm-none-eabi-size  2_gpio_output.elf 
arm-none-eabi-objcopy  -O ihex 2_gpio_output.elf  "2_gpio_output.hex"
   text	   data	    bss	    dec	    hex	filename
    704	      0	   1568	   2272	    8e0	2_gpio_output.elf
Finished building: default.size.stdout
 
Finished building: 2_gpio_output.hex
 
make: warning:  Clock skew detected.  Your build may be incomplete.
